Copyright 1986-2022 Xilinx, Inc. All Rights Reserved. Copyright 2022-2025 Advanced Micro Devices, Inc. All Rights Reserved.
---------------------------------------------------------------------------------------------------------------------------------------------
| Tool Version : Vivado v.2025.2 (lin64) Build 6299465 Fri Nov 14 12:34:56 MST 2025
| Date         : Sat Apr 25 15:03:47 2026
| Host         : desktop running 64-bit Ubuntu 24.04.3 LTS
| Command      : report_high_fanout_nets -file /home/john/poly_regression/synth/vivado/reports/high_fanout_nets.rpt -quiet
| Design       : poly_regression
| Device       : xc7a100t
| Design State : Synthesized
---------------------------------------------------------------------------------------------------------------------------------------------

High Fan-out Nets Information

1. Summary
----------

+---------------------------------------------+--------+-------------+
| Net Name                                    | Fanout | Driver Type |
+---------------------------------------------+--------+-------------+
| rst_IBUF                                    |     33 | IBUF        |
| controller/FSM_onehot_cur_state_reg[7]_0[1] |     18 | FDCE        |
| reverse_pass/exponentiator/Q[1]             |     17 | FDCE        |
| reverse_pass/exponentiator/Q[0]             |     15 | FDCE        |
| reverse_pass/exponentiator/Q[2]             |     15 | FDCE        |
| controller/error_rd_addr[0]                 |     15 | FDRE        |
| forward_pass/exponentiator/Q[2]             |     14 | FDCE        |
| forward_pass/exponentiator/Q[1]             |     14 | FDCE        |
| forward_pass/exponentiator/Q[0]             |     12 | FDCE        |
| controller/fwd_data_valid                   |     12 | LUT3        |
+---------------------------------------------+--------+-------------+


